---
source: query-compiler/query-compiler/tests/queries.rs
expression: pretty
input_file: query-compiler/query-compiler/tests/data/update-create-child-one2m.json
---
transaction
   dataMap {
       id: Int (id)
       managerId: Int (managerId)
   }
   let 0 = unique (query «SELECT "public"."Employee"."id",
                          "public"."Employee"."managerId" FROM
                          "public"."Employee" WHERE ("public"."Employee"."id" =
                          $1 AND 1=1) LIMIT $2 OFFSET $3»
                   params [const(BigInt(1)), const(BigInt(1)),
                           const(BigInt(0))])
   in let 0 = unique (validate (get 0)
          [ rowCountNeq 0
          ] orRaise "MISSING_RELATED_RECORD");
          0$id = mapField id (get 0)
      in sum (execute «INSERT INTO "public"."Employee" ("id","managerId") VALUES
                       ($1,$2), ($3,$4)»
              params [const(BigInt(2)), var(0$id as Int), const(BigInt(3)),
                      var(0$id as Int)]);
      let 2 = let 0 = unique (validate (get 0)
                  [ rowCountNeq 0
                  ] orRaise "MISSING_RECORD");
                  0$id = mapField id (get 0)
          in let 2 = unique (query «SELECT "public"."Employee"."id",
                                    "public"."Employee"."managerId" FROM
                                    "public"."Employee" WHERE
                                    "public"."Employee"."id" = $1 LIMIT $2
                                    OFFSET $3»
                             params [var(0$id as Int), const(BigInt(1)),
                                     const(BigInt(0))])
             in get 2
      in get 2
