---
source: query-compiler/query-compiler/tests/queries.rs
expression: pretty
input_file: query-compiler/query-compiler/tests/data/upsert.json
---
unique (query «INSERT INTO "public"."User" ("email") VALUES ($1) ON CONFLICT
               ("email") DO UPDATE SET "email" = $2 WHERE
               ("public"."User"."email" = $3 AND 1=1) RETURNING
               "public"."User"."id", "public"."User"."email"»
        params [const(String("user.1@prisma.io")),
                const(String("user.2@prisma.io")),
                const(String("user.1@prisma.io"))])
