---
source: query-compiler/query-compiler/tests/queries.rs
expression: pretty
input_file: query-compiler/query-compiler/tests/data/aggregate-custom.json
---
dataMap
   _count: 
      _all: Int [_all]
   _sum: 
      float: Float [db_float]
      int: Int [db_int]
   _avg: 
      float: Float [db_float]
      int: Float [db_int]
   _min: 
      float: Float [db_float]
      int: Int [db_int]
   _max: 
      float: Float [db_float]
      int: Int [db_int]
unique (query «SELECT COUNT(*) AS "_count._all", SUM("db_float") AS
               "_sum.db_float", SUM("db_int") AS "_sum.db_int", AVG("db_float")
               AS "_avg.db_float", AVG("db_int") AS "_avg.db_int",
               MIN("db_float") AS "_min.db_float", MIN("db_int") AS
               "_min.db_int", MAX("db_float") AS "_max.db_float", MAX("db_int")
               AS "_max.db_int" FROM (SELECT "public"."Item"."id",
               "public"."Item"."db_float", "public"."Item"."db_int" FROM
               "public"."Item" WHERE 1=1 ORDER BY "public"."Item"."id" ASC LIMIT
               $1 OFFSET $2) AS "sub"»
        params [const(BigInt(2)), const(BigInt(0))])
