---
source: query-compiler/query-compiler/tests/queries.rs
expression: pretty
input_file: query-compiler/query-compiler/tests/data/query-many-m2m.json
---
let @parent = query «SELECT "public"."Post"."id", "public"."Post"."title",
                     "public"."Post"."userId" FROM "public"."Post" WHERE 1=1
                     OFFSET $1»
              params [const(BigInt(0))]
in let @parent$id = mapField id (get @parent)
   in join (get @parent)
      with (query «SELECT "t1"."id", "t1"."name", "t0"."B" AS
                   "CategoryToPost@Post" FROM "public"."_CategoryToPost" AS "t0"
                   INNER JOIN "public"."Category" AS "t1" ON "t0"."A" =
                   "t1"."id" WHERE "t0"."B" IN /* prisma-comma-repeatable-start
                   */$1/* prisma-comma-repeatable-end */»
            params [var(@parent$id as Int)]) on left.(id) = right.(CategoryToPost@Post) as categories
