Error in query graph construction: QueryParserError(QueryParserError { path: QueryPath { segments: ["Mutation", "createOneUser", "data"] }, error_kind: InputUnionParseError { parsing_errors: [QueryParserError { path: QueryPath { segments: ["Mutation", "createOneUser", "data", "UserCreateInput", "id"] }, error_kind: RequiredValueNotSetError }, QueryParserError { path: QueryPath { segments: ["Mutation", "createOneUser", "data", "UserUncheckedCreateInput", "id"] }, error_kind: RequiredValueNotSetError }] } })