{
  "is_panic": false,
  "message": "`where`: A value is required but not set",
  "meta": {
    "kind": "RequiredArgumentMissing",
    "inputTypes": [
      {
        "kind": "object",
        "name": "UserWhereUniqueInput",
        "fields": [
          {
            "name": "id",
            "typeNames": [
              "Int"
            ],
            "required": false
          },
          {
            "name": "AND",
            "typeNames": [
              "UserWhereInput",
              "UserWhereInput[]"
            ],
            "required": false
          },
          {
            "name": "OR",
            "typeNames": [
              "UserWhereInput[]"
            ],
            "required": false
          },
          {
            "name": "NOT",
            "typeNames": [
              "UserWhereInput",
              "UserWhereInput[]"
            ],
            "required": false
          },
          {
            "name": "email",
            "typeNames": [
              "StringFilter",
              "String"
            ],
            "required": false
          },
          {
            "name": "dob",
            "typeNames": [
              "DateTimeNullableFilter",
              "DateTime",
              "Null"
            ],
            "required": false
          },
          {
            "name": "posts",
            "typeNames": [
              "PostListRelationFilter"
            ],
            "required": false
          }
        ]
      }
    ],
    "argumentPath": [
      "where"
    ],
    "selectionPath": [
      "findUniqueUser"
    ]
  },
  "error_code": "P2012"
}