{
  "is_panic": false,
  "message": "Expected a minimum of 1 field to be present, got 0",
  "meta": {
    "kind": "EmptySelection",
    "outputType": {
      "name": "User",
      "fields": [
        {
          "name": "id",
          "typeName": "Int",
          "isRelation": false
        },
        {
          "name": "email",
          "typeName": "String",
          "isRelation": false
        },
        {
          "name": "dob",
          "typeName": "DateTime",
          "isRelation": false
        },
        {
          "name": "posts",
          "typeName": "Post[]",
          "isRelation": true
        },
        {
          "name": "_count",
          "typeName": "UserCountOutputType",
          "isRelation": false
        }
      ]
    },
    "selectionPath": [
      "findManyUser"
    ]
  },
  "error_code": "P2009"
}