Operation 'findMany' for model 'Alpaca' does not match any query.