{
  "is_panic": false,
  "message": "Argument does not exist in enclosing type",
  "meta": {
    "kind": "UnknownArgument",
    "argumentPath": [
      "foo"
    ],
    "arguments": [
      {
        "name": "where",
        "typeNames": [
          "UserWhereInput"
        ]
      },
      {
        "name": "orderBy",
        "typeNames": [
          "UserOrderByWithRelationInput[]",
          "UserOrderByWithRelationInput"
        ]
      },
      {
        "name": "cursor",
        "typeNames": [
          "UserWhereUniqueInput"
        ]
      },
      {
        "name": "take",
        "typeNames": [
          "Int"
        ]
      },
      {
        "name": "skip",
        "typeNames": [
          "Int"
        ]
      },
      {
        "name": "distinct",
        "typeNames": [
          "UserScalarFieldEnum",
          "UserScalarFieldEnum[]"
        ]
      },
      {
        "name": "relationLoadStrategy",
        "typeNames": [
          "RelationLoadStrategy"
        ]
      }
    ],
    "selectionPath": [
      "findManyUser"
    ]
  },
  "error_code": "P2009"
}