{
  "is_panic": false,
  "message": "Unable to match input value to any allowed input type for the field. Parse errors: [Invalid argument type. `id` should be of any of the following types: `IntFilter`, Unable to fit float value (or large JS integer serialized in exponent notation) '18446744073709550000' into a 64 Bit signed integer for field 'id'. If you're trying to store large integers, consider using `BigInt`]",
  "meta": {
    "kind": "Union",
    "errors": [
      {
        "kind": "InvalidArgumentType",
        "argumentPath": [
          "where",
          "id"
        ],
        "argument": {
          "name": "id",
          "typeNames": [
            "IntFilter"
          ]
        },
        "selectionPath": [
          "findManyUser"
        ],
        "inferredType": "Float"
      },
      {
        "kind": "ValueTooLarge",
        "argumentPath": [
          "where",
          "id"
        ],
        "argument": {
          "name": "id",
          "typeNames": [
            "BigInt"
          ]
        },
        "selectionPath": [
          "findManyUser"
        ]
      }
    ]
  },
  "error_code": "P2009"
}